Mplus VERSION 8.10
MUTHEN & MUTHEN
06/29/2026  11:09 PM

INPUT INSTRUCTIONS

  TITLE: Longitudinal CFA, scale-level metric invariance, all factors correlated,
         NO correlated uniquenesses
  DATA:   FILE = application_example.dat;
  VARIABLE:
      names = ID HO11-HO14 HO21-HO24 HO31-HO34
                 SA11-SA18 SA21-SA28 SA31-SA38;
      USEVARIABLES = HO11-HO14 HO21-HO24 HO31-HO34
                 SA12 SA14 SA15-SA16
                 SA22 SA24 SA25-SA26
                 SA32 SA34 SA35-SA36;
  ANALYSIS:
      ESTIMATOR = ML;

  MODEL:
      HO1 BY HO11
             HO12 (LX12)
             HO13 (LX13)
             HO14 (LX14);
      HO2 BY HO21
             HO22 (LX22)
             HO23 (LX23)
             HO24 (LX24);
      HO3 BY HO31
             HO32 (LX32)
             HO33 (LX33)
             HO34 (LX34);
      SA1 BY SA12
             SA14 (LY12)
             SA15 (LY13)
             SA16 (LY14);
      SA2 BY SA22
             SA24 (LY22)
             SA25 (LY23)
             SA26 (LY24);
      SA3 BY SA32
             SA34 (LY32)
             SA35 (LY33)
             SA36 (LY34);

      ! Intercepts: marker item fixed at 0 each wave; others labeled
      [HO11] (IX11); [HO12] (IX12); [HO13] (IX13); [HO14] (IX14);
      [HO21] (IX11); [HO22] (IX22); [HO23] (IX23); [HO24] (IX24);
      [HO31] (IX11); [HO32] (IX32); [HO33] (IX33); [HO34] (IX34);

      [SA12] (IY11); [SA14] (IY12); [SA15] (IY13); [SA16] (IY14);
      [SA22] (IY11); [SA24] (IY22); [SA25] (IY23); [SA26] (IY24);
      [SA32] (IY11); [SA34] (IY32); [SA35] (IY33); [SA36] (IY34);

      ! Latent means freely estimated at all waves (identified by marker intercept = 0)
      [HO1@0]; [SA1@0];
      [HO2* HO3*];
      [SA2* SA3*];

  OUTPUT: STDYX;



INPUT READING TERMINATED NORMALLY



Longitudinal CFA, scale-level metric invariance, all factors correlated,
NO correlated uniquenesses

SUMMARY OF ANALYSIS

Number of groups                                                 1
Number of observations                                        2345

Number of dependent variables                                   24
Number of independent variables                                  0
Number of continuous latent variables                            6

Observed dependent variables

  Continuous
   HO11        HO12        HO13        HO14        HO21        HO22
   HO23        HO24        HO31        HO32        HO33        HO34
   SA12        SA14        SA15        SA16        SA22        SA24
   SA25        SA26        SA32        SA34        SA35        SA36

Continuous latent variables
   HO1         HO2         HO3         SA1         SA2         SA3


Estimator                                                       ML
Information matrix                                        OBSERVED
Maximum number of iterations                                  1000
Convergence criterion                                    0.500D-04
Maximum number of steepest descent iterations                   20

Input data file(s)
  application_example.dat

Input data format  FREE



UNIVARIATE SAMPLE STATISTICS


     UNIVARIATE HIGHER-ORDER MOMENT DESCRIPTIVE STATISTICS

         Variable/         Mean/     Skewness/   Minimum/ % with                Percentiles
        Sample Size      Variance    Kurtosis    Maximum  Min/Max      20%/60%    40%/80%    Median

     HO11                  2.417       0.902       1.000   37.87%       1.000      2.000      2.000
            2345.000       2.334      -0.291       6.000    5.59%       2.000      4.000
     HO12                  1.976       1.413       1.000   56.29%       1.000      1.000      1.000
            2345.000       1.989       0.952       6.000    3.58%       2.000      3.000
     HO13                  2.259       1.022       1.000   41.66%       1.000      1.000      2.000
            2345.000       2.063       0.043       6.000    3.75%       2.000      4.000
     HO14                  1.838       1.647       1.000   57.87%       1.000      1.000      1.000
            2345.000       1.582       2.085       6.000    2.56%       2.000      3.000
     HO21                  2.439       0.869       1.000   38.17%       1.000      2.000      2.000
            2345.000       2.413      -0.420       6.000    5.54%       2.000      4.000
     HO22                  1.939       1.466       1.000   57.95%       1.000      1.000      1.000
            2345.000       1.931       1.159       6.000    3.58%       2.000      3.000
     HO23                  2.220       1.028       1.000   43.62%       1.000      1.000      2.000
            2345.000       2.015       0.057       6.000    3.33%       2.000      4.000
     HO24                  1.859       1.585       1.000   58.29%       1.000      1.000      1.000
            2345.000       1.665       1.759       6.000    2.73%       2.000      3.000
     HO31                  2.376       0.942       1.000   41.15%       1.000      1.000      2.000
            2345.000       2.412      -0.268       6.000    5.88%       2.000      4.000
     HO32                  2.161       1.073       1.000   49.34%       1.000      1.000      2.000
            2345.000       2.125       0.006       6.000    3.24%       2.000      4.000
     HO33                  2.271       0.945       1.000   40.72%       1.000      1.000      2.000
            2345.000       1.971      -0.078       6.000    3.07%       2.000      4.000
     HO34                  1.873       1.508       1.000   56.93%       1.000      1.000      1.000
            2345.000       1.613       1.522       6.000    2.22%       2.000      3.000
     SA12                  4.013      -0.317       1.000    6.18%       3.000      4.000      4.000
            2345.000       2.289      -0.966       6.000   19.96%       5.000      5.000
     SA14                  4.038      -0.452       1.000    9.89%       2.000      4.000      4.000
            2345.000       2.703      -1.033       6.000   23.03%       5.000      6.000
     SA15                  4.103      -0.518       1.000    6.65%       3.000      4.000      4.000
            2345.000       2.126      -0.608       6.000   18.55%       5.000      5.000
     SA16                  4.493      -0.928       1.000    5.20%       3.000      5.000      5.000
            2345.000       2.004       0.053       6.000   26.95%       5.000      6.000
     SA22                  3.946      -0.293       1.000    6.95%       2.000      4.000      4.000
            2345.000       2.318      -0.983       6.000   18.34%       5.000      5.000
     SA24                  3.983      -0.407       1.000   10.23%       2.000      4.000      4.000
            2345.000       2.718      -1.083       6.000   21.75%       5.000      6.000
     SA25                  4.178      -0.561       1.000    5.97%       3.000      4.000      4.000
            2345.000       2.058      -0.504       6.000   20.00%       5.000      5.000
     SA26                  4.508      -0.914       1.000    4.99%       3.000      4.000      5.000
            2345.000       1.982       0.058       6.000   27.97%       5.000      6.000
     SA32                  3.791      -0.180       1.000    8.19%       2.000      3.000      4.000
            2345.000       2.311      -1.011       6.000   15.31%       4.000      5.000
     SA34                  3.837      -0.295       1.000   11.34%       2.000      3.000      4.000
            2345.000       2.692      -1.134       6.000   18.51%       5.000      5.000
     SA35                  4.034      -0.438       1.000    6.48%       3.000      4.000      4.000
            2345.000       2.108      -0.686       6.000   17.19%       5.000      5.000
     SA36                  4.425      -0.789       1.000    4.99%       3.000      4.000      5.000
            2345.000       2.016      -0.177       6.000   26.57%       5.000      6.000


THE MODEL ESTIMATION TERMINATED NORMALLY



MODEL FIT INFORMATION

Number of Free Parameters                       87

Loglikelihood

          H0 Value                      -88122.850
          H1 Value                      -87113.136

Information Criteria

          Akaike (AIC)                  176419.701
          Bayesian (BIC)                176920.824
          Sample-Size Adjusted BIC      176644.408
            (n* = (n + 2) / 24)

Chi-Square Test of Model Fit

          Value                           2019.429
          Degrees of Freedom                   237
          P-Value                           0.0000

RMSEA (Root Mean Square Error Of Approximation)

          Estimate                           0.057
          90 Percent C.I.                    0.054  0.059
          Probability RMSEA <= .05           0.000

CFI/TLI

          CFI                                0.935
          TLI                                0.925

Chi-Square Test of Model Fit for the Baseline Model

          Value                          27820.088
          Degrees of Freedom                   276
          P-Value                           0.0000

SRMR (Standardized Root Mean Square Residual)

          Value                              0.035



MODEL RESULTS

                                                    Two-Tailed
                    Estimate       S.E.  Est./S.E.    P-Value

 HO1      BY
    HO11               1.000      0.000    999.000    999.000
    HO12               1.022      0.029     34.952      0.000
    HO13               1.168      0.031     38.214      0.000
    HO14               0.967      0.027     36.134      0.000

 HO2      BY
    HO21               1.000      0.000    999.000    999.000
    HO22               0.999      0.030     33.419      0.000
    HO23               1.121      0.031     36.462      0.000
    HO24               1.019      0.028     35.783      0.000

 HO3      BY
    HO31               1.000      0.000    999.000    999.000
    HO32               1.062      0.036     29.445      0.000
    HO33               1.199      0.036     33.139      0.000
    HO34               1.053      0.032     32.656      0.000

 SA1      BY
    SA12               1.000      0.000    999.000    999.000
    SA14               1.619      0.085     19.098      0.000
    SA15               1.708      0.086     19.910      0.000
    SA16               1.643      0.082     20.153      0.000

 SA2      BY
    SA22               1.000      0.000    999.000    999.000
    SA24               1.603      0.078     20.561      0.000
    SA25               1.627      0.076     21.275      0.000
    SA26               1.576      0.073     21.551      0.000

 SA3      BY
    SA32               1.000      0.000    999.000    999.000
    SA34               1.532      0.071     21.459      0.000
    SA35               1.563      0.070     22.205      0.000
    SA36               1.489      0.066     22.697      0.000

 HO2      WITH
    HO1                0.709      0.038     18.801      0.000

 HO3      WITH
    HO1                0.623      0.035     17.663      0.000
    HO2                0.700      0.038     18.508      0.000

 SA1      WITH
    HO1               -0.345      0.026    -13.512      0.000
    HO2               -0.266      0.023    -11.603      0.000
    HO3               -0.234      0.021    -11.075      0.000

 SA2      WITH
    HO1               -0.266      0.023    -11.607      0.000
    HO2               -0.301      0.024    -12.492      0.000
    HO3               -0.271      0.023    -12.008      0.000
    SA1                0.298      0.023     13.006      0.000

 SA3      WITH
    HO1               -0.227      0.022    -10.118      0.000
    HO2               -0.232      0.023    -10.269      0.000
    HO3               -0.335      0.025    -13.421      0.000
    SA1                0.262      0.021     12.478      0.000
    SA2                0.322      0.024     13.451      0.000

 Means
    HO1                0.000      0.000    999.000    999.000
    HO2                0.022      0.038      0.589      0.556
    HO3               -0.041      0.039     -1.049      0.294
    SA1                0.000      0.000    999.000    999.000
    SA2               -0.067      0.041     -1.628      0.103
    SA3               -0.223      0.042     -5.339      0.000

 Intercepts
    HO11               2.417      0.032     76.596      0.000
    HO12               1.976      0.029     67.843      0.000
    HO13               2.259      0.030     76.167      0.000
    HO14               1.838      0.026     70.753      0.000
    HO21               2.417      0.032     76.596      0.000
    HO22               1.916      0.043     44.357      0.000
    HO23               2.196      0.047     47.111      0.000
    HO24               1.837      0.042     43.337      0.000
    HO31               2.417      0.032     76.596      0.000
    HO32               2.204      0.047     46.754      0.000
    HO33               2.319      0.050     46.222      0.000
    HO34               1.916      0.045     43.021      0.000
    SA12               4.013      0.031    128.442      0.000
    SA14               4.038      0.034    118.944      0.000
    SA15               4.103      0.030    136.280      0.000
    SA16               4.493      0.029    153.681      0.000
    SA22               4.013      0.031    128.442      0.000
    SA24               4.090      0.072     57.179      0.000
    SA25               4.287      0.070     60.914      0.000
    SA26               4.614      0.068     67.509      0.000
    SA32               4.013      0.031    128.442      0.000
    SA34               4.178      0.070     59.805      0.000
    SA35               4.382      0.069     63.478      0.000
    SA36               4.756      0.066     72.037      0.000

 Variances
    HO1                1.153      0.062     18.703      0.000
    HO2                1.149      0.063     18.205      0.000
    HO3                1.006      0.060     16.649      0.000
    SA1                0.458      0.044     10.447      0.000
    SA2                0.509      0.046     11.096      0.000
    SA3                0.562      0.048     11.706      0.000

 Residual Variances
    HO11               1.182      0.039     30.188      0.000
    HO12               0.784      0.028     27.738      0.000
    HO13               0.491      0.023     21.006      0.000
    HO14               0.504      0.020     25.426      0.000
    HO21               1.265      0.042     30.294      0.000
    HO22               0.785      0.028     28.014      0.000
    HO23               0.572      0.024     23.370      0.000
    HO24               0.471      0.020     23.314      0.000
    HO31               1.406      0.045     30.949      0.000
    HO32               0.990      0.034     29.114      0.000
    HO33               0.525      0.024     21.488      0.000
    HO34               0.496      0.021     23.774      0.000
    SA12               1.831      0.056     32.507      0.000
    SA14               1.501      0.052     28.623      0.000
    SA15               0.789      0.035     22.235      0.000
    SA16               0.768      0.034     22.811      0.000
    SA22               1.809      0.056     32.462      0.000
    SA24               1.410      0.050     28.217      0.000
    SA25               0.710      0.032     22.257      0.000
    SA26               0.717      0.031     22.962      0.000
    SA32               1.748      0.054     32.096      0.000
    SA34               1.372      0.049     27.805      0.000
    SA35               0.734      0.034     21.806      0.000
    SA36               0.769      0.033     23.239      0.000


QUALITY OF NUMERICAL RESULTS

     Condition Number for the Information Matrix              0.182E-02
       (ratio of smallest to largest eigenvalue)


STANDARDIZED MODEL RESULTS


STDYX Standardization

                                                    Two-Tailed
                    Estimate       S.E.  Est./S.E.    P-Value

 HO1      BY
    HO11               0.703      0.012     59.170      0.000
    HO12               0.778      0.010     79.835      0.000
    HO13               0.873      0.007    123.062      0.000
    HO14               0.825      0.008     99.282      0.000

 HO2      BY
    HO21               0.690      0.012     56.103      0.000
    HO22               0.770      0.010     77.121      0.000
    HO23               0.846      0.008    107.572      0.000
    HO24               0.847      0.008    107.895      0.000

 HO3      BY
    HO31               0.646      0.014     47.661      0.000
    HO32               0.731      0.011     65.104      0.000
    HO33               0.857      0.008    108.786      0.000
    HO34               0.832      0.008     98.260      0.000

 SA1      BY
    SA12               0.447      0.019     23.997      0.000
    SA14               0.667      0.014     47.694      0.000
    SA15               0.793      0.011     71.585      0.000
    SA16               0.785      0.011     69.935      0.000

 SA2      BY
    SA22               0.469      0.018     25.956      0.000
    SA24               0.694      0.013     53.058      0.000
    SA25               0.809      0.010     79.439      0.000
    SA26               0.799      0.010     76.484      0.000

 SA3      BY
    SA32               0.493      0.018     27.859      0.000
    SA34               0.700      0.013     53.831      0.000
    SA35               0.807      0.010     76.950      0.000
    SA36               0.786      0.011     71.522      0.000

 HO2      WITH
    HO1                0.616      0.016     39.313      0.000

 HO3      WITH
    HO1                0.579      0.017     34.594      0.000
    HO2                0.651      0.015     43.272      0.000

 SA1      WITH
    HO1               -0.474      0.020    -23.961      0.000
    HO2               -0.367      0.022    -16.890      0.000
    HO3               -0.344      0.022    -15.548      0.000

 SA2      WITH
    HO1               -0.347      0.022    -16.028      0.000
    HO2               -0.394      0.021    -18.724      0.000
    HO3               -0.378      0.021    -17.629      0.000
    SA1                0.617      0.018     34.923      0.000

 SA3      WITH
    HO1               -0.281      0.023    -12.496      0.000
    HO2               -0.289      0.023    -12.813      0.000
    HO3               -0.445      0.020    -21.909      0.000
    SA1                0.517      0.020     25.909      0.000
    SA2                0.602      0.018     33.775      0.000

 Means
    HO1                0.000      0.000    999.000    999.000
    HO2                0.021      0.035      0.589      0.556
    HO3               -0.040      0.039     -1.048      0.295
    SA1                0.000      0.000    999.000    999.000
    SA2               -0.094      0.058     -1.624      0.104
    SA3               -0.297      0.057     -5.205      0.000

 Intercepts
    HO11               1.582      0.031     51.053      0.000
    HO12               1.401      0.029     48.197      0.000
    HO13               1.573      0.031     50.926      0.000
    HO14               1.461      0.030     49.208      0.000
    HO21               1.556      0.030     51.054      0.000
    HO22               1.379      0.037     37.127      0.000
    HO23               1.547      0.040     38.734      0.000
    HO24               1.424      0.039     36.548      0.000
    HO31               1.556      0.030     51.053      0.000
    HO32               1.512      0.039     38.839      0.000
    HO33               1.652      0.043     38.447      0.000
    HO34               1.508      0.041     36.572      0.000
    SA12               2.652      0.044     60.431      0.000
    SA14               2.456      0.041     59.349      0.000
    SA15               2.814      0.046     61.192      0.000
    SA16               3.174      0.051     62.554      0.000
    SA22               2.636      0.044     60.430      0.000
    SA24               2.481      0.056     44.394      0.000
    SA25               2.988      0.065     45.874      0.000
    SA26               3.277      0.068     48.476      0.000
    SA32               2.640      0.044     60.430      0.000
    SA34               2.546      0.054     46.762      0.000
    SA35               3.018      0.063     47.793      0.000
    SA36               3.350      0.066     51.081      0.000

 Variances
    HO1                1.000      0.000    999.000    999.000
    HO2                1.000      0.000    999.000    999.000
    HO3                1.000      0.000    999.000    999.000
    SA1                1.000      0.000    999.000    999.000
    SA2                1.000      0.000    999.000    999.000
    SA3                1.000      0.000    999.000    999.000

 Residual Variances
    HO11               0.506      0.017     30.336      0.000
    HO12               0.394      0.015     25.995      0.000
    HO13               0.238      0.012     19.197      0.000
    HO14               0.319      0.014     23.211      0.000
    HO21               0.524      0.017     30.880      0.000
    HO22               0.406      0.015     26.409      0.000
    HO23               0.284      0.013     21.322      0.000
    HO24               0.283      0.013     21.271      0.000
    HO31               0.583      0.018     33.281      0.000
    HO32               0.466      0.016     28.427      0.000
    HO33               0.266      0.013     19.748      0.000
    HO34               0.308      0.014     21.836      0.000
    SA12               0.800      0.017     47.959      0.000
    SA14               0.556      0.019     29.802      0.000
    SA15               0.371      0.018     21.117      0.000
    SA16               0.383      0.018     21.712      0.000
    SA22               0.780      0.017     46.078      0.000
    SA24               0.519      0.018     28.581      0.000
    SA25               0.345      0.016     20.930      0.000
    SA26               0.362      0.017     21.653      0.000
    SA32               0.757      0.017     43.320      0.000
    SA34               0.510      0.018     27.985      0.000
    SA35               0.348      0.017     20.578      0.000
    SA36               0.382      0.017     22.067      0.000


R-SQUARE

    Observed                                        Two-Tailed
    Variable        Estimate       S.E.  Est./S.E.    P-Value

    HO11               0.494      0.017     29.585      0.000
    HO12               0.606      0.015     39.917      0.000
    HO13               0.762      0.012     61.531      0.000
    HO14               0.681      0.014     49.641      0.000
    HO21               0.476      0.017     28.052      0.000
    HO22               0.594      0.015     38.561      0.000
    HO23               0.716      0.013     53.786      0.000
    HO24               0.717      0.013     53.948      0.000
    HO31               0.417      0.018     23.830      0.000
    HO32               0.534      0.016     32.552      0.000
    HO33               0.734      0.013     54.393      0.000
    HO34               0.692      0.014     49.130      0.000
    SA12               0.200      0.017     11.998      0.000
    SA14               0.444      0.019     23.847      0.000
    SA15               0.629      0.018     35.792      0.000
    SA16               0.617      0.018     34.968      0.000
    SA22               0.220      0.017     12.978      0.000
    SA24               0.481      0.018     26.529      0.000
    SA25               0.655      0.016     39.720      0.000
    SA26               0.638      0.017     38.242      0.000
    SA32               0.243      0.017     13.929      0.000
    SA34               0.490      0.018     26.915      0.000
    SA35               0.652      0.017     38.475      0.000
    SA36               0.618      0.017     35.761      0.000


DIAGRAM INFORMATION

  Use View Diagram under the Diagram menu in the Mplus Editor to view the diagram.
  If running Mplus from the Mplus Diagrammer, the diagram opens automatically.

  Diagram output
    c:\users\wqemi\onedrive - florida state university\myfsu_onedrive\documents\fsu\dissertation\applied data for illust

     Beginning Time:  23:09:45
        Ending Time:  23:09:45
       Elapsed Time:  00:00:00



MUTHEN & MUTHEN
3463 Stoner Ave.
Los Angeles, CA  90066

Tel: (310) 391-9971
Fax: (310) 391-8971
Web: www.StatModel.com
Support: Support@StatModel.com

Copyright (c) 1998-2023 Muthen & Muthen
